node.exe : [astro] `markdown.remarkPlugins`, `markdown.rehypePlugins`, and `markdown.remarkRehype` are deprecated. 
Pass them to `unified({...})` from `@astrojs/markdown-remark` directly instead.
At line:1 char:1
+ & "C:\Program Files\nodejs/node.exe" "C:\Program Files\nodejs/node_mo ...
+ ~~~~~~~~~~~~~~~~~~~~~~~~~~~~~~~~~~~~~~~~~~~~~~~~~~~~~~~~~~~~~~~~~~~~~
    + CategoryInfo          : NotSpecified: ([astro] `markdo...rectly instead.:String) [], RemoteException
    + FullyQualifiedErrorId : NativeCommandError
 
[2m13:35:06[22m [34m[content][39m Syncing content
[2m13:35:06[22m [34m[content][39m Synced content
[2m13:35:06[22m [34m[types][39m Generated [2m921ms[22m
[2m13:35:06[22m [34m[check][39m Getting diagnostics for Astro files in D:\Websites\xuanloi.me...
[96msrc/content.config.ts[0m:[93m28[0m:[93m22[0m - [93mwarning[0m[90m ts(6385): [0m'z' is deprecated.

[7m28[0m       AIDescription: z.boolean().optional(),
[7m  [0m [93m                     ~[0m
[96msrc/content.config.ts[0m:[93m27[0m:[93m15[0m - [93mwarning[0m[90m ts(6385): [0m'z' is deprecated.

[7m27[0m       source: z.string().optional(),
[7m  [0m [93m              ~[0m
[96msrc/content.config.ts[0m:[93m25[0m:[93m17[0m - [93mwarning[0m[90m ts(6385): [0m'z' is deprecated.

[7m25[0m       timezone: z.string().optional(),
[7m  [0m [93m                ~[0m
[96msrc/content.config.ts[0m:[93m24[0m:[93m21[0m - [93mwarning[0m[90m ts(6385): [0m'z' is deprecated.

[7m24[0m       hideEditPost: z.boolean().optional(),
[7m  [0m [93m                    ~[0m
[96msrc/content.config.ts[0m:[93m23[0m:[93m21[0m - [93mwarning[0m[90m ts(6385): [0m'z' is deprecated.

[7m23[0m       canonicalURL: z.string().optional(),
[7m  [0m [93m                    ~[0m
[96msrc/content.config.ts[0m:[93m22[0m:[93m20[0m - [93mwarning[0m[90m ts(6385): [0m'z' is deprecated.

[7m22[0m       description: z.string(),
[7m  [0m [93m                   ~[0m
[96msrc/content.config.ts[0m:[93m21[0m:[93m18[0m - [93mwarning[0m[90m ts(6385): [0m'z' is deprecated.

[7m21[0m       heroImage: z.string().optional(),
[7m  [0m [93m                 ~[0m
[96msrc/content.config.ts[0m:[93m20[0m:[93m27[0m - [93mwarning[0m[90m ts(6385): [0m'z' is deprecated.

[7m20[0m       ogImage: image().or(z.string()).optional(),
[7m  [0m [93m                          ~[0m
[96msrc/content.config.ts[0m:[93m19[0m:[93m21[0m - [93mwarning[0m[90m ts(6385): [0m'z' is deprecated.

[7m19[0m       tags: z.array(z.string()).default(["others"]),
[7m  [0m [93m                    ~[0m
[96msrc/content.config.ts[0m:[93m19[0m:[93m13[0m - [93mwarning[0m[90m ts(6385): [0m'z' is deprecated.

[7m19[0m       tags: z.array(z.string()).default(["others"]),
[7m  [0m [93m            ~[0m
[96msrc/content.config.ts[0m:[93m18[0m:[93m17[0m - [93mwarning[0m[90m ts(6385): [0m'z' is deprecated.

[7m18[0m       category: z.string().default("Phát triển bản thân"),
[7m  [0m [93m                ~[0m
[96msrc/content.config.ts[0m:[93m17[0m:[93m17[0m - [93mwarning[0m[90m ts(6385): [0m'z' is deprecated.

[7m17[0m       unlisted: z.boolean().optional(),
[7m  [0m [93m                ~[0m
[96msrc/content.config.ts[0m:[93m16[0m:[93m14[0m - [93mwarning[0m[90m ts(6385): [0m'z' is deprecated.

[7m16[0m       draft: z.boolean().optional(),
[7m  [0m [93m             ~[0m
[96msrc/content.config.ts[0m:[93m15[0m:[93m17[0m - [93mwarning[0m[90m ts(6385): [0m'z' is deprecated.

[7m15[0m       featured: z.boolean().optional(),
[7m  [0m [93m                ~[0m
[96msrc/content.config.ts[0m:[93m14[0m:[93m14[0m - [93mwarning[0m[90m ts(6385): [0m'z' is deprecated.

[7m14[0m       title: z.string(),
[7m  [0m [93m             ~[0m
[96msrc/content.config.ts[0m:[93m13[0m:[93m20[0m - [93mwarning[0m[90m ts(6385): [0m'z' is deprecated.

[7m13[0m       modDatetime: z.date().optional().nullable(),
[7m  [0m [93m                   ~[0m
[96msrc/content.config.ts[0m:[93m12[0m:[93m20[0m - [93mwarning[0m[90m ts(6385): [0m'z' is deprecated.

[7m12[0m       pubDatetime: z.coerce.date(),
[7m  [0m [93m                   ~[0m
[96msrc/content.config.ts[0m:[93m11[0m:[93m15[0m - [93mwarning[0m[90m ts(6385): [0m'z' is deprecated.

[7m11[0m       author: z.string().default(SITE.author),
[7m  [0m [93m              ~[0m
[96msrc/content.config.ts[0m:[93m10[0m:[93m5[0m - [93mwarning[0m[90m ts(6385): [0m'z' is deprecated.

[7m10[0m     z.object({
[7m  [0m [93m    ~[0m
[96msrc/content.config.ts[0m:[93m1[0m:[93m28[0m - [93mwarning[0m[90m ts(6385): [0m'z' is deprecated.

[7m1[0m import { defineCollection, z } from "astro:content";
[7m [0m [93m                           ~[0m

[96msrc/components/MDXTwitterTransform.astro[0m:[93m25[0m:[93m9[0m - [93mwarning[0m[90m ts(6133): [0m'foundYoutubeEmbeds' is declared but its value is never read.

[7m25[0m     let foundYoutubeEmbeds = false;
[7m  [0m [93m        ~~~~~~~~~~~~~~~~~~[0m

[96msrc/components/NewsletterForm.astro[0m:[93m120[0m:[93m7[0m - [91merror[0m[90m ts(18047): [0m'msg' is possibly 'null'.

[7m120[0m       msg.classList.remove("hidden");
[7m   [0m [91m      ~~~[0m
[96msrc/components/NewsletterForm.astro[0m:[93m119[0m:[93m7[0m - [91merror[0m[90m ts(18047): [0m'btn' is possibly 'null'.

[7m119[0m       btn.textContent = "Đăng ký";
[7m   [0m [91m      ~~~[0m
[96msrc/components/NewsletterForm.astro[0m:[93m118[0m:[93m11[0m - [91merror[0m[90m ts(2339): [0mProperty 'disabled' does not exist on type 'HTMLElement'.

[7m118[0m       btn.disabled = false;
[7m   [0m [91m          ~~~~~~~~[0m
[96msrc/components/NewsletterForm.astro[0m:[93m118[0m:[93m7[0m - [91merror[0m[90m ts(18047): [0m'btn' is possibly 'null'.

[7m118[0m       btn.disabled = false;
[7m   [0m [91m      ~~~[0m
[96msrc/components/NewsletterForm.astro[0m:[93m116[0m:[93m7[0m - [91merror[0m[90m ts(18047): [0m'msg' is possibly 'null'.

[7m116[0m       msg.className = "text-sm mt-3 text-red-600 dark:text-red-400";
[7m   [0m [91m      ~~~[0m
[96msrc/components/NewsletterForm.astro[0m:[93m115[0m:[93m25[0m - [91merror[0m[90m ts(18046): [0m'err' is of type 'unknown'.

[7m115[0m       msg.textContent = err.message || "Có lỗi xảy ra. Vui lòng thử lại.";
[7m   [0m [91m                        ~~~[0m
[96msrc/components/NewsletterForm.astro[0m:[93m115[0m:[93m7[0m - [91merror[0m[90m ts(18047): [0m'msg' is possibly 'null'.

[7m115[0m       msg.textContent = err.message || "Có lỗi xảy ra. Vui lòng thử lại.";
[7m   [0m [91m      ~~~[0m
[96msrc/components/NewsletterForm.astro[0m:[93m110[0m:[93m14[0m - [91merror[0m[90m ts(2551): [0mProperty 'reset' does not exist on type 'HTMLElement'. Did you mean 'onreset'?

[7m110[0m         form.reset();
[7m   [0m [91m             ~~~~~[0m
[96msrc/components/NewsletterForm.astro[0m:[93m109[0m:[93m9[0m - [91merror[0m[90m ts(18047): [0m'msg' is possibly 'null'.

[7m109[0m         msg.className = "text-sm mt-3 text-green-600 dark:text-green-400";
[7m   [0m [91m        ~~~[0m
[96msrc/components/NewsletterForm.astro[0m:[93m108[0m:[93m9[0m - [91merror[0m[90m ts(18047): [0m'msg' is possibly 'null'.

[7m108[0m         msg.textContent = "Đăng ký thành công! Cảm ơn bạn.";
[7m   [0m [91m        ~~~[0m
[96msrc/components/NewsletterForm.astro[0m:[93m95[0m:[93m5[0m - [91merror[0m[90m ts(18047): [0m'msg' is possibly 'null'.

[7m95[0m     msg.classList.add("hidden");
[7m  [0m [91m    ~~~[0m
[96msrc/components/NewsletterForm.astro[0m:[93m94[0m:[93m5[0m - [91merror[0m[90m ts(18047): [0m'btn' is possibly 'null'.

[7m94[0m     btn.textContent = "Đang gửi...";
[7m  [0m [91m    ~~~[0m
[96msrc/components/NewsletterForm.astro[0m:[93m93[0m:[93m9[0m - [91merror[0m[90m ts(2339): [0mProperty 'disabled' does not exist on type 'HTMLElement'.

[7m93[0m     btn.disabled = true;
[7m  [0m [91m        ~~~~~~~~[0m
[96msrc/components/NewsletterForm.astro[0m:[93m93[0m:[93m5[0m - [91merror[0m[90m ts(18047): [0m'btn' is possibly 'null'.

[7m93[0m     btn.disabled = true;
[7m  [0m [91m    ~~~[0m
[96msrc/components/NewsletterForm.astro[0m:[93m89[0m:[93m62[0m - [91merror[0m[90m ts(2339): [0mProperty 'value' does not exist on type 'HTMLElement'.

[7m89[0m     const email = document.getElementById("subscribe-email").value;
[7m  [0m [91m                                                             ~~~~~[0m
[96msrc/components/NewsletterForm.astro[0m:[93m89[0m:[93m19[0m - [91merror[0m[90m ts(2531): [0mObject is possibly 'null'.

[7m89[0m     const email = document.getElementById("subscribe-email").value;
[7m  [0m [91m                  ~~~~~~~~~~~~~~~~~~~~~~~~~~~~~~~~~~~~~~~~~~[0m
[96msrc/components/NewsletterForm.astro[0m:[93m88[0m:[93m60[0m - [91merror[0m[90m ts(2339): [0mProperty 'value' does not exist on type 'HTMLElement'.

[7m88[0m     const name = document.getElementById("subscribe-name").value;
[7m  [0m [91m                                                           ~~~~~[0m
[96msrc/components/NewsletterForm.astro[0m:[93m88[0m:[93m18[0m - [91merror[0m[90m ts(2531): [0mObject is possibly 'null'.

[7m88[0m     const name = document.getElementById("subscribe-name").value;
[7m  [0m [91m                 ~~~~~~~~~~~~~~~~~~~~~~~~~~~~~~~~~~~~~~~~~[0m
[96msrc/components/NewsletterForm.astro[0m:[93m78[0m:[93m5[0m - [91merror[0m[90m ts(18047): [0m'modal' is possibly 'null'.

[7m78[0m     modal.classList.add("pointer-events-none");
[7m  [0m [91m    ~~~~~[0m
[96msrc/components/NewsletterForm.astro[0m:[93m77[0m:[93m5[0m - [91merror[0m[90m ts(18047): [0m'modal' is possibly 'null'.

[7m77[0m     modal.style.opacity = "0";
[7m  [0m [91m    ~~~~~[0m
[96msrc/components/NewsletterForm.astro[0m:[93m73[0m:[93m5[0m - [91merror[0m[90m ts(18047): [0m'modal' is possibly 'null'.

[7m73[0m     modal.style.opacity = "1";
[7m  [0m [91m    ~~~~~[0m
[96msrc/components/NewsletterForm.astro[0m:[93m72[0m:[93m5[0m - [91merror[0m[90m ts(18047): [0m'modal' is possibly 'null'.

[7m72[0m     modal.classList.remove("pointer-events-none");
[7m  [0m [91m    ~~~~~[0m

[96msrc/components/StructuredData.astro[0m:[93m95[0m:[93m9[0m - [93mwarning[0m[90m astro(4000): [0mThis script will be treated as if it has the `is:inline` directive because it contains an attribute. Therefore, features that require processing (e.g. using TypeScript or npm packages in the script) are unavailable.

See docs for more details: https://docs.astro.build/en/guides/client-side-scripts/#script-processing.

Add the `is:inline` directive explicitly to silence this hint.

[7m95[0m <script type="application/ld+json" set:html={JSON.stringify(structuredData)} />
[7m  [0m [93m        ~~~~[0m

[96msrc/components/YouTubeEmbed.astro[0m:[93m31[0m:[93m5[0m - [93mwarning[0m[90m ts(6385): [0m'frameborder' is deprecated.

[7m31[0m     frameborder="0"
[7m  [0m [93m    ~~~~~~~~~~~[0m

[96msrc/content/config.ts[0m:[93m21[0m:[93m20[0m - [93mwarning[0m[90m ts(6385): [0m'z' is deprecated.

[7m21[0m     AIDescription: z.boolean().optional(),
[7m  [0m [93m                   ~[0m
[96msrc/content/config.ts[0m:[93m20[0m:[93m13[0m - [93mwarning[0m[90m ts(6385): [0m'z' is deprecated.

[7m20[0m     source: z.string().optional(),
[7m  [0m [93m            ~[0m
[96msrc/content/config.ts[0m:[93m19[0m:[93m15[0m - [93mwarning[0m[90m ts(6385): [0m'z' is deprecated.

[7m19[0m     timezone: z.string().optional(),
[7m  [0m [93m              ~[0m
[96msrc/content/config.ts[0m:[93m18[0m:[93m19[0m - [93mwarning[0m[90m ts(6385): [0m'z' is deprecated.

[7m18[0m     hideEditPost: z.boolean().optional(),
[7m  [0m [93m                  ~[0m
[96msrc/content/config.ts[0m:[93m17[0m:[93m19[0m - [93mwarning[0m[90m ts(6385): [0m'z' is deprecated.

[7m17[0m     canonicalURL: z.string().optional(),
[7m  [0m [93m                  ~[0m
[96msrc/content/config.ts[0m:[93m16[0m:[93m16[0m - [93mwarning[0m[90m ts(6385): [0m'z' is deprecated.

[7m16[0m     heroImage: z.string().optional(),
[7m  [0m [93m               ~[0m
[96msrc/content/config.ts[0m:[93m15[0m:[93m14[0m - [93mwarning[0m[90m ts(6385): [0m'z' is deprecated.

[7m15[0m     ogImage: z.string().optional(),
[7m  [0m [93m             ~[0m
[96msrc/content/config.ts[0m:[93m14[0m:[93m15[0m - [93mwarning[0m[90m ts(6385): [0m'z' is deprecated.

[7m14[0m     unlisted: z.boolean().default(false),
[7m  [0m [93m              ~[0m
[96msrc/content/config.ts[0m:[93m13[0m:[93m12[0m - [93mwarning[0m[90m ts(6385): [0m'z' is deprecated.

[7m13[0m     draft: z.boolean().default(false),
[7m  [0m [93m           ~[0m
[96msrc/content/config.ts[0m:[93m12[0m:[93m15[0m - [93mwarning[0m[90m ts(6385): [0m'z' is deprecated.

[7m12[0m     featured: z.boolean().default(false),
[7m  [0m [93m              ~[0m
[96msrc/content/config.ts[0m:[93m11[0m:[93m19[0m - [93mwarning[0m[90m ts(6385): [0m'z' is deprecated.

[7m11[0m     tags: z.array(z.string()).default(["others"]),
[7m  [0m [93m                  ~[0m
[96msrc/content/config.ts[0m:[93m11[0m:[93m11[0m - [93mwarning[0m[90m ts(6385): [0m'z' is deprecated.

[7m11[0m     tags: z.array(z.string()).default(["others"]),
[7m  [0m [93m          ~[0m
[96msrc/content/config.ts[0m:[93m10[0m:[93m15[0m - [93mwarning[0m[90m ts(6385): [0m'z' is deprecated.

[7m10[0m     category: z.string().default("Phát triển bản thân"),
[7m  [0m [93m              ~[0m
[96msrc/content/config.ts[0m:[93m9[0m:[93m13[0m - [93mwarning[0m[90m ts(6385): [0m'z' is deprecated.

[7m9[0m     author: z.string().default("Đào Xuân Lợi"),
[7m [0m [93m            ~[0m
[96msrc/content/config.ts[0m:[93m8[0m:[93m18[0m - [93mwarning[0m[90m ts(6385): [0m'z' is deprecated.

[7m8[0m     modDatetime: z.date().optional().nullable(),
[7m [0m [93m                 ~[0m
[96msrc/content/config.ts[0m:[93m7[0m:[93m18[0m - [93mwarning[0m[90m ts(6385): [0m'z' is deprecated.

[7m7[0m     pubDatetime: z.date(),
[7m [0m [93m                 ~[0m
[96msrc/content/config.ts[0m:[93m6[0m:[93m18[0m - [93mwarning[0m[90m ts(6385): [0m'z' is deprecated.

[7m6[0m     description: z.string(),
[7m [0m [93m                 ~[0m
[96msrc/content/config.ts[0m:[93m5[0m:[93m12[0m - [93mwarning[0m[90m ts(6385): [0m'z' is deprecated.

[7m5[0m     title: z.string(),
[7m [0m [93m           ~[0m
[96msrc/content/config.ts[0m:[93m4[0m:[93m11[0m - [93mwarning[0m[90m ts(6385): [0m'z' is deprecated.

[7m4[0m   schema: z.object({
[7m [0m [93m          ~[0m
[96msrc/content/config.ts[0m:[93m1[0m:[93m28[0m - [93mwarning[0m[90m ts(6385): [0m'z' is deprecated.

[7m1[0m import { defineCollection, z } from "astro:content";
[7m [0m [93m                           ~[0m

[96msrc/layouts/BlogPostLayout.astro[0m:[93m297[0m:[93m53[0m - [93mwarning[0m[90m ts(6133): [0m'match' is declared but its value is never read.

[7m297[0m       content = content.replace(youtubeEmbedRegex, (match, videoId) => {
[7m   [0m [93m                                                    ~~~~~[0m
[96msrc/layouts/BlogPostLayout.astro[0m:[93m286[0m:[93m53[0m - [93mwarning[0m[90m ts(6133): [0m'match' is declared but its value is never read.

[7m286[0m       content = content.replace(twitterEmbedRegex, (match, url) => {
[7m   [0m [93m                                                    ~~~~~[0m
[96msrc/layouts/BlogPostLayout.astro[0m:[93m205[0m:[93m10[0m - [93mwarning[0m[90m ts(6133): [0m'foundYoutubeEmbeds' is declared but its value is never read.

[7m205[0m      let foundYoutubeEmbeds = false;
[7m   [0m [93m         ~~~~~~~~~~~~~~~~~~[0m

[96msrc/layouts/Layout.astro[0m:[93m24[0m:[93m3[0m - [93mwarning[0m[90m ts(6133): [0m'profile' is declared but its value is never read.

[7m24[0m   profile = SITE.profile,
[7m  [0m [93m  ~~~~~~~[0m
[96msrc/layouts/Layout.astro[0m:[93m215[0m:[93m20[0m - [91merror[0m[90m ts(2339): [0mProperty 'id' does not exist on type 'EventTarget'.

[7m215[0m       if (e.target.id === "subscribe-form") ui.play("send");
[7m   [0m [91m                   ~~[0m
[96msrc/layouts/Layout.astro[0m:[93m215[0m:[93m11[0m - [91merror[0m[90m ts(18047): [0m'e.target' is possibly 'null'.

[7m215[0m       if (e.target.id === "subscribe-form") ui.play("send");
[7m   [0m [91m          ~~~~~~~~[0m
[96msrc/layouts/Layout.astro[0m:[93m207[0m:[93m28[0m - [91merror[0m[90m ts(2339): [0mProperty 'closest' does not exist on type 'EventTarget'.

[7m207[0m       const btn = e.target.closest("#menu-btn");
[7m   [0m [91m                           ~~~~~~~[0m
[96msrc/layouts/Layout.astro[0m:[93m207[0m:[93m19[0m - [91merror[0m[90m ts(18047): [0m'e.target' is possibly 'null'.

[7m207[0m       const btn = e.target.closest("#menu-btn");
[7m   [0m [91m                  ~~~~~~~~[0m
[96msrc/layouts/Layout.astro[0m:[93m199[0m:[93m28[0m - [91merror[0m[90m ts(2339): [0mProperty 'closest' does not exist on type 'EventTarget'.

[7m199[0m       const btn = e.target.closest("#theme-btn");
[7m   [0m [91m                           ~~~~~~~[0m
[96msrc/layouts/Layout.astro[0m:[93m199[0m:[93m19[0m - [91merror[0m[90m ts(18047): [0m'e.target' is possibly 'null'.

[7m199[0m       const btn = e.target.closest("#theme-btn");
[7m   [0m [91m                  ~~~~~~~~[0m
[96msrc/layouts/Layout.astro[0m:[93m191[0m:[93m27[0m - [91merror[0m[90m ts(2339): [0mProperty 'closest' does not exist on type 'EventTarget'.

[7m191[0m       const el = e.target.closest("[data-uisfx-hover]");
[7m   [0m [91m                          ~~~~~~~[0m
[96msrc/layouts/Layout.astro[0m:[93m191[0m:[93m18[0m - [91merror[0m[90m ts(18047): [0m'e.target' is possibly 'null'.

[7m191[0m       const el = e.target.closest("[data-uisfx-hover]");
[7m   [0m [91m                 ~~~~~~~~[0m
[96msrc/layouts/Layout.astro[0m:[93m184[0m:[93m27[0m - [91merror[0m[90m ts(2339): [0mProperty 'closest' does not exist on type 'EventTarget'.

[7m184[0m       const el = e.target.closest("[data-uisfx]");
[7m   [0m [91m                          ~~~~~~~[0m
[96msrc/layouts/Layout.astro[0m:[93m184[0m:[93m18[0m - [91merror[0m[90m ts(18047): [0m'e.target' is possibly 'null'.

[7m184[0m       const el = e.target.closest("[data-uisfx]");
[7m   [0m [91m                 ~~~~~~~~[0m

[96msrc/layouts/PostDetails.astro[0m:[93m405[0m:[93m3[0m - [91merror[0m[90m ts(1381): [0mUnexpected token. Did you mean `{'}'}` or `&rbrace;`?

[7m405[0m   }
[7m   [0m [91m  ~[0m
[96msrc/layouts/PostDetails.astro[0m:[93m404[0m:[93m17[0m - [91merror[0m[90m ts(1005): [0m'}' expected.

[7m404[0m     border-color: var(--accent) !important;
[7m   [0m [91m                ~[0m
[96msrc/layouts/PostDetails.astro[0m:[93m401[0m:[93m3[0m - [91merror[0m[90m ts(1381): [0mUnexpected token. Did you mean `{'}'}` or `&rbrace;`?

[7m401[0m   }
[7m   [0m [91m  ~[0m
[96msrc/layouts/PostDetails.astro[0m:[93m395[0m:[93m13[0m - [91merror[0m[90m ts(1005): [0m'}' expected.

[7m395[0m     position: absolute;
[7m   [0m [91m            ~[0m
[96msrc/layouts/PostDetails.astro[0m:[93m392[0m:[93m3[0m - [91merror[0m[90m ts(1381): [0mUnexpected token. Did you mean `{'}'}` or `&rbrace;`?

[7m392[0m   }
[7m   [0m [91m  ~[0m
[96msrc/layouts/PostDetails.astro[0m:[93m386[0m:[93m11[0m - [91merror[0m[90m ts(1005): [0m'}' expected.

[7m386[0m     margin: 2rem 0;
[7m   [0m [91m          ~[0m

[96msrc/pages/index.astro[0m:[93m26[0m:[93m33[0m - [91merror[0m[90m ts(2322): [0mType '{ children: any[]; description: string; preloadImage: string; }' is not assignable to type 'IntrinsicAttributes & Props'.
  Property 'preloadImage' does not exist on type 'IntrinsicAttributes & Props'.

[7m26[0m <Layout description={SITE.desc} preloadImage="/assets/avatar_round.webp">
[7m  [0m [91m                                ~~~~~~~~~~~~[0m

[96msrc/pages/posts/index.astro[0m:[93m187[0m:[93m9[0m - [91merror[0m[90m ts(2322): [0mType 'string | undefined' is not assignable to type 'string'.
  Type 'undefined' is not assignable to type 'string'.

[7m187[0m         activeCategory = activeCategory === filterValue ? "" : filterValue;
[7m   [0m [91m        ~~~~~~~~~~~~~~[0m

Result (78 files): 
- 40 errors
- 0 warnings
- 47 hints

